0 verbose cli /usr/bin/node /usr/bin/npm
1 info using npm@11.17.0
2 info using node@v24.19.0
3 silly config load:file:/usr/lib/node_modules/npm/npmrc
4 silly config load:file:/var/www/autoace.tdlv.dev/web/.npmrc
5 silly config load:file:/var/www/autoace.tdlv.dev/.npmrc
6 silly config load:file:/usr/etc/npmrc
7 verbose title npm run build
8 verbose argv "run" "build"
9 verbose logfile logs-max:10 dir:/var/www/autoace.tdlv.dev/.npm/_logs/2026-08-27T22_37_21_002Z-
10 verbose logfile /var/www/autoace.tdlv.dev/.npm/_logs/2026-08-27T22_37_21_002Z-debug-0.log
11 silly logfile done cleaning log files
12 http fetch GET 200 https://registry.npmjs.org/npm 153ms
13 verbose cwd /var/www/autoace.tdlv.dev/web
14 verbose os Linux 6.8.0-138-generic
15 verbose node v24.19.0
16 verbose npm  v11.17.0
17 notice
17 notice New major version of npm available! 11.17.0 -> 12.0.2
17 notice Changelog: https://github.com/npm/cli/releases/tag/v12.0.2
17 notice To update run: npm install -g npm@12.0.2
17 notice  { force: true, Symbol(proc-log.meta): true }
18 verbose exit 0
19 info ok
